// Jest Snapshot v1, https://goo.gl/fbAQLP

exports[`render main page 1`] = `
<div
  className="main-page"
>
  <div
    className="main-page__open-sidebar"
    onClick={[Function]}
  />
  <form
    className="sidebar"
    onSubmit={[Function]}
  >
    <div
      className="sidebar-head"
    >
      <div
        className="sidebar-head__title"
      >
        Фильтры
      </div>
      <div
        className="sidebar-head__arrow"
        onClick={[Function]}
      />
    </div>
    <div
      className="sidebar-body"
    >
      <div
        className="sidebar-body__row"
      >
        <div
          className="ui-select"
        >
          <div
            className="ui-label"
            onClick={[Function]}
          >
            Локация
          </div>
          <div
            className="ui-input ui-select__inner"
            onClick={[Function]}
          />
          <input
            data-testid="ui-select-value"
            hidden={true}
            name="location"
            onChange={[Function]}
            value=""
          />
        </div>
      </div>
      <div
        className="sidebar-body__row"
      >
        <label>
          <div
            className="ui-label"
          >
            Количество репозиториев
          </div>
          <input
            className="ui-input"
            data-testid="ui-input"
            name="repos"
            type="number"
          />
        </label>
      </div>
      <div
        className="sidebar-body__row"
      >
        <label>
          <div
            className="ui-label"
          >
            Логин
          </div>
          <input
            className="ui-input"
            data-testid="ui-input"
            name="login"
            type="text"
          />
        </label>
      </div>
      <div
        className="sidebar-body__row"
      >
        <div
          className="ui-select"
        >
          <div
            className="ui-label"
            onClick={[Function]}
          >
            Язык
          </div>
          <div
            className="ui-input ui-select__inner"
            onClick={[Function]}
          />
          <input
            data-testid="ui-select-value"
            hidden={true}
            name="language"
            onChange={[Function]}
            value=""
          />
        </div>
      </div>
      <div
        className="sidebar-body__row"
      >
        <label>
          <div
            className="ui-label"
          >
            Количество подписчиков
          </div>
          <input
            className="ui-input"
            data-testid="ui-input"
            name="followers"
            type="number"
          />
        </label>
      </div>
    </div>
    <div
      className="sidebar-footer"
    >
      <div
        className="sidebar-footer__button"
      >
        <button
          className="ui-button--primary"
        >
          Применить
        </button>
      </div>
      <div
        className="sidebar-footer__button"
      >
        <button
          className="ui-button--secondary"
          onClick={[Function]}
          type="reset"
        >
          Сбросить
        </button>
      </div>
    </div>
  </form>
  <div
    className="main-table"
  >
    <div
      className="main-table__not-found"
    >
      Пользователи не нашлись
    </div>
  </div>
</div>
`;
